// Jest Snapshot v1, https://goo.gl/fbAQLP

exports[`Counter component renders correctly 1`] = `
<div
  className="counter"
>
  <p>
    <img
      alt="Red cube"
      src="test-file-stub"
    />
  </p>
  <p
    id="counter-value"
  >
    Current value: 
    1
  </p>
  <p>
    <button
      id="increment"
      onClick={[MockFunction]}
    >
      Increment
    </button>
    <button
      id="decrement"
      onClick={[MockFunction]}
    >
      Decrement
    </button>
  </p>
</div>
`;
